


ARM Macro Assembler    Page 1 


    1 00000000 400043FC 
                       GPIO_PORTA_DATA
                               EQU              0x400043FC
    2 00000000 4000800C 
                       SSISR   EQU              0x4000800C
    3 00000000 40008008 
                       SSIDR   EQU              0x40008008
    4 00000000         
    5 00000000                 AREA             initlcd, CODE, READONLY
    6 00000000                 THUMB
    7 00000000         
    8 00000000                 EXPORT           init_lcd
    9 00000000         init_lcd
                               PROC
   10 00000000 B500            PUSH             {LR}
   11 00000002 4915            LDR              R1,=GPIO_PORTA_DATA
   12 00000004 6808            LDR              R0,[R1]
   13 00000006 F020 0080       BIC              R0,#0x80    ;reset(pa7) -> low
   14 0000000A 6008            STR              R0,[R1]
   15 0000000C         
   16 0000000C         ;delay 100ns
   17 0000000C F04F 0013       MOV              R0,#19
   18 00000010         rst_delay
   19 00000010 F1A0 0001       SUB              R0,#1
   20 00000014 2800            CMP              R0,#0
   21 00000016 D1FB            BNE              rst_delay
   22 00000018         
   23 00000018 490F            LDR              R1,=GPIO_PORTA_DATA
   24 0000001A 6808            LDR              R0,[R1]
   25 0000001C F040 0080       ORR              R0,#0x80    ;reset(pa7) -> high
                                                            
   26 00000020 6008            STR              R0,[R1]
   27 00000022         
   28 00000022 F04F 0521       MOV              R5,#0x21    ;use extended comma
                                                            nds
   29 00000026                 IMPORT           lcdWriteCmd
   30 00000026 F7FF FFFE       BL               lcdWriteCmd
   31 0000002A F04F 05B8       MOV              R5,#0xB8    ;set LCD Vop
   32 0000002E F7FF FFFE       BL               lcdWriteCmd
   33 00000032 F04F 0504       MOV              R5,#0x04    ;set temp coeff
   34 00000036 F7FF FFFE       BL               lcdWriteCmd
   35 0000003A F04F 0514       MOV              R5,#0x14    ;set lcd bias
   36 0000003E F7FF FFFE       BL               lcdWriteCmd
   37 00000042 F04F 0520       MOV              R5,#0x20    ;lcd basic commands
                                                            
   38 00000046 F7FF FFFE       BL               lcdWriteCmd
   39 0000004A F04F 050C       MOV              R5,#0x0C    ;all segments on
   40 0000004E F7FF FFFE       BL               lcdWriteCmd
   41 00000052         
   42 00000052 F85D EB04       POP              {LR}
   43 00000056 4770            BX               LR
   44 00000058                 ENDP
   45 00000058         
   46 00000058                 ALIGN
   47 00000058                 END
              400043FC 
Command Line: --debug --xref --diag_suppress=9931 --cpu=Cortex-M4.fp --apcs=int
erwork --depend=.\objects\init_lcd.d -o.\objects\init_lcd.o -I.\RTE\_Target_1 -
IC:\Keil_v5\ARM\PACK\Keil\TM4C_DFP\1.1.0\Device\Include\TM4C123 -IC:\Keil_v5\AR



ARM Macro Assembler    Page 2 


M\CMSIS\Include --predefine="__EVAL SETA 1" --predefine="__UVISION_VERSION SETA
 526" --predefine="TM4C123GH6PM SETA 1" --list=.\listings\init_lcd.lst init_lcd
.s



ARM Macro Assembler    Page 1 Alphabetic symbol ordering
Relocatable symbols

init_lcd 00000000

Symbol: init_lcd
   Definitions
      At line 9 in file init_lcd.s
   Uses
      At line 8 in file init_lcd.s
Comment: init_lcd used once
initlcd 00000000

Symbol: initlcd
   Definitions
      At line 5 in file init_lcd.s
   Uses
      None
Comment: initlcd unused
rst_delay 00000010

Symbol: rst_delay
   Definitions
      At line 18 in file init_lcd.s
   Uses
      At line 21 in file init_lcd.s
Comment: rst_delay used once
3 symbols



ARM Macro Assembler    Page 1 Alphabetic symbol ordering
Absolute symbols

GPIO_PORTA_DATA 400043FC

Symbol: GPIO_PORTA_DATA
   Definitions
      At line 1 in file init_lcd.s
   Uses
      At line 11 in file init_lcd.s
      At line 23 in file init_lcd.s

SSIDR 40008008

Symbol: SSIDR
   Definitions
      At line 3 in file init_lcd.s
   Uses
      None
Comment: SSIDR unused
SSISR 4000800C

Symbol: SSISR
   Definitions
      At line 2 in file init_lcd.s
   Uses
      None
Comment: SSISR unused
3 symbols



ARM Macro Assembler    Page 1 Alphabetic symbol ordering
External symbols

lcdWriteCmd 00000000

Symbol: lcdWriteCmd
   Definitions
      At line 29 in file init_lcd.s
   Uses
      At line 30 in file init_lcd.s
      At line 32 in file init_lcd.s
      At line 34 in file init_lcd.s
      At line 36 in file init_lcd.s
      At line 38 in file init_lcd.s
      At line 40 in file init_lcd.s

1 symbol
343 symbols in table
