Component: ARM Compiler 5.06 update 6 (build 750) Tool: armlink [4d35ed]

==============================================================================

Section Cross References

    startup.o(STACK) refers (Special) to heapauxi.o(.text) for __use_two_region_memory
    startup.o(HEAP) refers (Special) to heapauxi.o(.text) for __use_two_region_memory
    startup.o(RESET) refers (Special) to heapauxi.o(.text) for __use_two_region_memory
    startup.o(RESET) refers to startup.o(STACK) for StackMem
    startup.o(RESET) refers to main.o(main) for __main
    startup.o(RESET) refers to timer_int_handler.o(timer_inthandler) for My_Timer0A_Handler
    startup.o(.text) refers (Special) to heapauxi.o(.text) for __use_two_region_memory
    startup.o(.text) refers to startup.o(HEAP) for HeapMem
    startup.o(.text) refers to startup.o(STACK) for StackMem
    main.o(main) refers (Special) to lcd_draw_funcs.o(lcd_dfuncs) for lcdDrawBattleship
    main.o(main) refers (Special) to lcd_funcs.o(lcdfuncs) for lcdWriteCmd
    main.o(main) refers (Special) to state_and_pos_data.o(my_data) for sf
    main.o(main) refers to init_pll.o(initpll) for init_pll
    main.o(main) refers to init_gpio.o(initgpio) for init_gpio
    main.o(main) refers to init_spi.o(initspi) for init_spi
    main.o(main) refers to init_lcd.o(initlcd) for init_lcd
    main.o(main) refers to init_gpioe.o(init_gpio) for init_portE
    main.o(main) refers to init_adc.o(initADC) for init_adc
    main.o(main) refers to init_gpiof.o(init_gpiof) for init_portF
    main.o(main) refers to init_timer.o(timer_init) for init_timer_1
    main.o(main) refers to helper_funcs.o(helperfuncs) for check_buttons
    main.o(main) refers to adc_funcs.o(adcfuncs) for read_ADC
    init_lcd.o(initlcd) refers to lcd_funcs.o(lcdfuncs) for lcdWriteCmd
    lcd_draw_funcs.o(lcd_dfuncs) refers to lcd_funcs.o(lcdfuncs) for setCursor
    lcd_draw_funcs.o(lcd_dfuncs) refers to text_datas.o(my_code_data) for num_0
    lcd_draw_funcs.o(lcd_dfuncs) refers to state_and_pos_data.o(my_data) for ships
    helper_funcs.o(helperfuncs) refers (Special) to state_and_pos_data.o(my_data) for mines
    helper_funcs.o(helperfuncs) refers to adc_funcs.o(adcfuncs) for read_ADC


==============================================================================

Removing Unused input sections from the image.

    Removing startup.o(HEAP), (0 bytes).
    Removing startup.o(.text), (48 bytes).

2 unused section(s) (total 48 bytes) removed from the image.

==============================================================================

Image Symbol Table

    Local Symbols

    Symbol Name                              Value     Ov Type        Size  Object(Section)

    RESET                                    0x00000000   Section      652  startup.o(RESET)
    ../clib/heapaux.c                        0x00000000   Number         0  heapauxi.o ABSOLUTE
    Startup.s                                0x00000000   Number         0  startup.o ABSOLUTE
    adc_funcs.s                              0x00000000   Number         0  adc_funcs.o ABSOLUTE
    dc.s                                     0x00000000   Number         0  dc.o ABSOLUTE
    helper_funcs.s                           0x00000000   Number         0  helper_funcs.o ABSOLUTE
    init_adc.s                               0x00000000   Number         0  init_adc.o ABSOLUTE
    init_gpio.s                              0x00000000   Number         0  init_gpio.o ABSOLUTE
    init_gpioe.s                             0x00000000   Number         0  init_gpioe.o ABSOLUTE
    init_gpiof.s                             0x00000000   Number         0  init_gpiof.o ABSOLUTE
    init_lcd.s                               0x00000000   Number         0  init_lcd.o ABSOLUTE
    init_pll.s                               0x00000000   Number         0  init_pll.o ABSOLUTE
    init_spi.s                               0x00000000   Number         0  init_spi.o ABSOLUTE
    init_timer.s                             0x00000000   Number         0  init_timer.o ABSOLUTE
    lcd_draw_funcs.s                         0x00000000   Number         0  lcd_draw_funcs.o ABSOLUTE
    lcd_funcs.s                              0x00000000   Number         0  lcd_funcs.o ABSOLUTE
    main.s                                   0x00000000   Number         0  main.o ABSOLUTE
    state_and_pos_data.s                     0x00000000   Number         0  state_and_pos_data.o ABSOLUTE
    text_datas.s                             0x00000000   Number         0  text_datas.o ABSOLUTE
    timer_int_handler.s                      0x00000000   Number         0  timer_int_handler.o ABSOLUTE
    $v0                                      0x0000026c   Number         0  startup.o(RESET)
    .text                                    0x0000028c   Section        0  heapauxi.o(.text)
    adcfuncs                                 0x00000294   Section       92  adc_funcs.o(adcfuncs)
    $v0                                      0x00000294   Number         0  adc_funcs.o(adcfuncs)
    helperfuncs                              0x000002f0   Section      308  helper_funcs.o(helperfuncs)
    $v0                                      0x000002f0   Number         0  helper_funcs.o(helperfuncs)
    initADC                                  0x00000424   Section      104  init_adc.o(initADC)
    $v0                                      0x00000424   Number         0  init_adc.o(initADC)
    init_gpio                                0x0000048c   Section       76  init_gpioe.o(init_gpio)
    $v0                                      0x0000048c   Number         0  init_gpioe.o(init_gpio)
    init_gpiof                               0x000004d8   Section      152  init_gpiof.o(init_gpiof)
    $v0                                      0x000004d8   Number         0  init_gpiof.o(init_gpiof)
    initgpio                                 0x00000570   Section      124  init_gpio.o(initgpio)
    $v0                                      0x00000570   Number         0  init_gpio.o(initgpio)
    initlcd                                  0x000005ec   Section       92  init_lcd.o(initlcd)
    $v0                                      0x000005ec   Number         0  init_lcd.o(initlcd)
    initpll                                  0x00000648   Section       96  init_pll.o(initpll)
    $v0                                      0x00000648   Number         0  init_pll.o(initpll)
    initspi                                  0x000006a8   Section      116  init_spi.o(initspi)
    $v0                                      0x000006a8   Number         0  init_spi.o(initspi)
    lcd_dfuncs                               0x0000071c   Section      904  lcd_draw_funcs.o(lcd_dfuncs)
    $v0                                      0x0000071c   Number         0  lcd_draw_funcs.o(lcd_dfuncs)
    lcdfuncs                                 0x00000aa4   Section      156  lcd_funcs.o(lcdfuncs)
    $v0                                      0x00000aa4   Number         0  lcd_funcs.o(lcdfuncs)
    main                                     0x00000b40   Section       92  main.o(main)
    $v0                                      0x00000b40   Number         0  main.o(main)
    my_code_data                             0x00000b9c   Section       68  text_datas.o(my_code_data)
    timer_init                               0x00000be0   Section      300  init_timer.o(timer_init)
    $v0                                      0x00000be0   Number         0  init_timer.o(timer_init)
    timer_inthandler                         0x00000d0c   Section       84  timer_int_handler.o(timer_inthandler)
    $v0                                      0x00000d0c   Number         0  timer_int_handler.o(timer_inthandler)
    STACK                                    0x20000000   Section     1024  startup.o(STACK)
    StackMem                                 0x20000000   Data           0  startup.o(STACK)
    my_data                                  0x20000400   Section       20  state_and_pos_data.o(my_data)

    Global Symbols

    Symbol Name                              Value     Ov Type        Size  Object(Section)

    BuildAttributes$$THM_ISAv4$E$P$D$K$B$S$7EM$VFPi3$EXTD16$VFPS$VFMA$PE$A:L22UL41UL21$X:L11$S22US41US21$IEEE1$IW$USESV6$~STKCKD$USESV7$~SHL$OSPACE$ROPI$EBA8$STANDARDLIB$REQ8$EABIv2 0x00000000   Number         0  anon$$obj.o ABSOLUTE
    __Vectors                                0x00000000   Data           0  startup.o(RESET)
    Reset_Handler                            0x0000026d   Thumb Code     0  startup.o(RESET)
    NMI_Handler                              0x00000271   Thumb Code     2  startup.o(RESET)
    HardFault_Handler                        0x00000273   Thumb Code     2  startup.o(RESET)
    MemManage_Handler                        0x00000275   Thumb Code     2  startup.o(RESET)
    BusFault_Handler                         0x00000277   Thumb Code     2  startup.o(RESET)
    UsageFault_Handler                       0x00000279   Thumb Code     2  startup.o(RESET)
    SVC_Handler                              0x0000027b   Thumb Code     2  startup.o(RESET)
    DebugMon_Handler                         0x0000027d   Thumb Code     2  startup.o(RESET)
    PendSV_Handler                           0x0000027f   Thumb Code     2  startup.o(RESET)
    ADC0Seq0_Handler                         0x00000281   Thumb Code     0  startup.o(RESET)
    ADC0Seq1_Handler                         0x00000281   Thumb Code     0  startup.o(RESET)
    ADC0Seq2_Handler                         0x00000281   Thumb Code     0  startup.o(RESET)
    ADC0Seq3_Handler                         0x00000281   Thumb Code     0  startup.o(RESET)
    GPIOPortA_Handler                        0x00000281   Thumb Code     0  startup.o(RESET)
    GPIOPortB_Handler                        0x00000281   Thumb Code     0  startup.o(RESET)
    GPIOPortC_Handler                        0x00000281   Thumb Code     0  startup.o(RESET)
    GPIOPortD_Handler                        0x00000281   Thumb Code     0  startup.o(RESET)
    GPIOPortE_Handler                        0x00000281   Thumb Code     0  startup.o(RESET)
    I2C0_Handler                             0x00000281   Thumb Code     0  startup.o(RESET)
    PWM0Fault_Handler                        0x00000281   Thumb Code     0  startup.o(RESET)
    PWM0Generator0_Handler                   0x00000281   Thumb Code     0  startup.o(RESET)
    PWM0Generator1_Handler                   0x00000281   Thumb Code     0  startup.o(RESET)
    PWM0Generator2_Handler                   0x00000281   Thumb Code     0  startup.o(RESET)
    Quadrature0_Handler                      0x00000281   Thumb Code     0  startup.o(RESET)
    SSI0_Handler                             0x00000281   Thumb Code     0  startup.o(RESET)
    SysTick_Handler                          0x00000281   Thumb Code     0  startup.o(RESET)
    Timer0A_Handler                          0x00000281   Thumb Code     0  startup.o(RESET)
    UART0_Handler                            0x00000281   Thumb Code     0  startup.o(RESET)
    UART1_Handler                            0x00000281   Thumb Code     0  startup.o(RESET)
    WDT_Handler                              0x00000281   Thumb Code     0  startup.o(RESET)
    Timer0B_Handler                          0x00000285   Thumb Code     0  startup.o(RESET)
    Timer1A_Handler                          0x00000285   Thumb Code     0  startup.o(RESET)
    ADC1Seq0_Handler                         0x00000289   Thumb Code     0  startup.o(RESET)
    ADC1Seq1_Handler                         0x00000289   Thumb Code     0  startup.o(RESET)
    ADC1Seq2_Handler                         0x00000289   Thumb Code     0  startup.o(RESET)
    ADC1Seq3_Handler                         0x00000289   Thumb Code     0  startup.o(RESET)
    CAN0_Handler                             0x00000289   Thumb Code     0  startup.o(RESET)
    CAN1_Handler                             0x00000289   Thumb Code     0  startup.o(RESET)
    CAN2_Handler                             0x00000289   Thumb Code     0  startup.o(RESET)
    Comp0_Handler                            0x00000289   Thumb Code     0  startup.o(RESET)
    Comp1_Handler                            0x00000289   Thumb Code     0  startup.o(RESET)
    Comp2_Handler                            0x00000289   Thumb Code     0  startup.o(RESET)
    Ethernet_Handler                         0x00000289   Thumb Code     0  startup.o(RESET)
    ExtBus_Handler                           0x00000289   Thumb Code     0  startup.o(RESET)
    FPU_Handler                              0x00000289   Thumb Code     0  startup.o(RESET)
    Fan0_Handler                             0x00000289   Thumb Code     0  startup.o(RESET)
    FlashCtl_Handler                         0x00000289   Thumb Code     0  startup.o(RESET)
    GPIOPortF_Handler                        0x00000289   Thumb Code     0  startup.o(RESET)
    GPIOPortG_Handler                        0x00000289   Thumb Code     0  startup.o(RESET)
    GPIOPortH_Handler                        0x00000289   Thumb Code     0  startup.o(RESET)
    GPIOPortJ_Handler                        0x00000289   Thumb Code     0  startup.o(RESET)
    GPIOPortK_Handler                        0x00000289   Thumb Code     0  startup.o(RESET)
    GPIOPortL_Handler                        0x00000289   Thumb Code     0  startup.o(RESET)
    GPIOPortM_Handler                        0x00000289   Thumb Code     0  startup.o(RESET)
    GPIOPortN_Handler                        0x00000289   Thumb Code     0  startup.o(RESET)
    GPIOPortP1_Handler                       0x00000289   Thumb Code     0  startup.o(RESET)
    GPIOPortP2_Handler                       0x00000289   Thumb Code     0  startup.o(RESET)
    GPIOPortP3_Handler                       0x00000289   Thumb Code     0  startup.o(RESET)
    GPIOPortP4_Handler                       0x00000289   Thumb Code     0  startup.o(RESET)
    GPIOPortP5_Handler                       0x00000289   Thumb Code     0  startup.o(RESET)
    GPIOPortP6_Handler                       0x00000289   Thumb Code     0  startup.o(RESET)
    GPIOPortP7_Handler                       0x00000289   Thumb Code     0  startup.o(RESET)
    GPIOPortP_Handler                        0x00000289   Thumb Code     0  startup.o(RESET)
    GPIOPortQ1_Handler                       0x00000289   Thumb Code     0  startup.o(RESET)
    GPIOPortQ2_Handler                       0x00000289   Thumb Code     0  startup.o(RESET)
    GPIOPortQ3_Handler                       0x00000289   Thumb Code     0  startup.o(RESET)
    GPIOPortQ4_Handler                       0x00000289   Thumb Code     0  startup.o(RESET)
    GPIOPortQ5_Handler                       0x00000289   Thumb Code     0  startup.o(RESET)
    GPIOPortQ6_Handler                       0x00000289   Thumb Code     0  startup.o(RESET)
    GPIOPortQ7_Handler                       0x00000289   Thumb Code     0  startup.o(RESET)
    GPIOPortQ_Handler                        0x00000289   Thumb Code     0  startup.o(RESET)
    GPIOPortR_Handler                        0x00000289   Thumb Code     0  startup.o(RESET)
    GPIOPortS_Handler                        0x00000289   Thumb Code     0  startup.o(RESET)
    Hibernate_Handler                        0x00000289   Thumb Code     0  startup.o(RESET)
    I2C1_Handler                             0x00000289   Thumb Code     0  startup.o(RESET)
    I2C2_Handler                             0x00000289   Thumb Code     0  startup.o(RESET)
    I2C3_Handler                             0x00000289   Thumb Code     0  startup.o(RESET)
    I2C4_Handler                             0x00000289   Thumb Code     0  startup.o(RESET)
    I2C5_Handler                             0x00000289   Thumb Code     0  startup.o(RESET)
    I2S0_Handler                             0x00000289   Thumb Code     0  startup.o(RESET)
    LPC0_Handler                             0x00000289   Thumb Code     0  startup.o(RESET)
    PECI0_Handler                            0x00000289   Thumb Code     0  startup.o(RESET)
    PWM0Generator3_Handler                   0x00000289   Thumb Code     0  startup.o(RESET)
    PWM1Fault_Handler                        0x00000289   Thumb Code     0  startup.o(RESET)
    PWM1Generator0_Handler                   0x00000289   Thumb Code     0  startup.o(RESET)
    PWM1Generator1_Handler                   0x00000289   Thumb Code     0  startup.o(RESET)
    PWM1Generator2_Handler                   0x00000289   Thumb Code     0  startup.o(RESET)
    PWM1Generator3_Handler                   0x00000289   Thumb Code     0  startup.o(RESET)
    Quadrature1_Handler                      0x00000289   Thumb Code     0  startup.o(RESET)
    Quadrature2_Handler                      0x00000289   Thumb Code     0  startup.o(RESET)
    SSI1_Handler                             0x00000289   Thumb Code     0  startup.o(RESET)
    SSI2_Handler                             0x00000289   Thumb Code     0  startup.o(RESET)
    SSI3_Handler                             0x00000289   Thumb Code     0  startup.o(RESET)
    SysCtl_Handler                           0x00000289   Thumb Code     0  startup.o(RESET)
    Timer1B_Handler                          0x00000289   Thumb Code     0  startup.o(RESET)
    Timer2A_Handler                          0x00000289   Thumb Code     0  startup.o(RESET)
    Timer2B_Handler                          0x00000289   Thumb Code     0  startup.o(RESET)
    Timer3A_Handler                          0x00000289   Thumb Code     0  startup.o(RESET)
    Timer3B_Handler                          0x00000289   Thumb Code     0  startup.o(RESET)
    Timer4A_Handler                          0x00000289   Thumb Code     0  startup.o(RESET)
    Timer4B_Handler                          0x00000289   Thumb Code     0  startup.o(RESET)
    Timer5A_Handler                          0x00000289   Thumb Code     0  startup.o(RESET)
    Timer5B_Handler                          0x00000289   Thumb Code     0  startup.o(RESET)
    UART2_Handler                            0x00000289   Thumb Code     0  startup.o(RESET)
    UART3_Handler                            0x00000289   Thumb Code     0  startup.o(RESET)
    UART4_Handler                            0x00000289   Thumb Code     0  startup.o(RESET)
    UART5_Handler                            0x00000289   Thumb Code     0  startup.o(RESET)
    UART6_Handler                            0x00000289   Thumb Code     0  startup.o(RESET)
    UART7_Handler                            0x00000289   Thumb Code     0  startup.o(RESET)
    USB0_Handler                             0x00000289   Thumb Code     0  startup.o(RESET)
    WideTimer0A_Handler                      0x00000289   Thumb Code     0  startup.o(RESET)
    WideTimer0B_Handler                      0x00000289   Thumb Code     0  startup.o(RESET)
    WideTimer1A_Handler                      0x00000289   Thumb Code     0  startup.o(RESET)
    WideTimer1B_Handler                      0x00000289   Thumb Code     0  startup.o(RESET)
    WideTimer2A_Handler                      0x00000289   Thumb Code     0  startup.o(RESET)
    WideTimer2B_Handler                      0x00000289   Thumb Code     0  startup.o(RESET)
    WideTimer3A_Handler                      0x00000289   Thumb Code     0  startup.o(RESET)
    WideTimer3B_Handler                      0x00000289   Thumb Code     0  startup.o(RESET)
    WideTimer4A_Handler                      0x00000289   Thumb Code     0  startup.o(RESET)
    WideTimer4B_Handler                      0x00000289   Thumb Code     0  startup.o(RESET)
    WideTimer5A_Handler                      0x00000289   Thumb Code     0  startup.o(RESET)
    WideTimer5B_Handler                      0x00000289   Thumb Code     0  startup.o(RESET)
    uDMA_Error                               0x00000289   Thumb Code     0  startup.o(RESET)
    uDMA_Handler                             0x00000289   Thumb Code     0  startup.o(RESET)
    __use_two_region_memory                  0x0000028d   Thumb Code     2  heapauxi.o(.text)
    __rt_heap_escrow$2region                 0x0000028f   Thumb Code     2  heapauxi.o(.text)
    __rt_heap_expand$2region                 0x00000291   Thumb Code     2  heapauxi.o(.text)
    read_ADC                                 0x00000295   Thumb Code    72  adc_funcs.o(adcfuncs)
    delay_20ms                               0x000002f1   Thumb Code    14  helper_funcs.o(helperfuncs)
    check_buttons                            0x000002ff   Thumb Code    76  helper_funcs.o(helperfuncs)
    sw1_handler                              0x0000034b   Thumb Code   108  helper_funcs.o(helperfuncs)
    sw2_handler                              0x000003b7   Thumb Code    94  helper_funcs.o(helperfuncs)
    init_adc                                 0x00000425   Thumb Code    74  init_adc.o(initADC)
    init_portE                               0x0000048d   Thumb Code    54  init_gpioe.o(init_gpio)
    init_portF                               0x000004d9   Thumb Code   114  init_gpiof.o(init_gpiof)
    init_gpio                                0x00000571   Thumb Code    94  init_gpio.o(initgpio)
    init_lcd                                 0x000005ed   Thumb Code    88  init_lcd.o(initlcd)
    init_pll                                 0x00000649   Thumb Code    82  init_pll.o(initpll)
    init_spi                                 0x000006a9   Thumb Code    92  init_spi.o(initspi)
    lcdDrawCursor                            0x0000071d   Thumb Code   212  lcd_draw_funcs.o(lcd_dfuncs)
    lcdDrawNum                               0x000007f1   Thumb Code    48  lcd_draw_funcs.o(lcd_dfuncs)
    lcdDrawXY                                0x00000821   Thumb Code   182  lcd_draw_funcs.o(lcd_dfuncs)
    lcdDrawChar                              0x000008d7   Thumb Code    32  lcd_draw_funcs.o(lcd_dfuncs)
    lcdDrawRemainingTime                     0x000008f7   Thumb Code    64  lcd_draw_funcs.o(lcd_dfuncs)
    lcdDrawBattleship                        0x00000937   Thumb Code   140  lcd_draw_funcs.o(lcd_dfuncs)
    lcdDrawCivilianship                      0x000009c3   Thumb Code   140  lcd_draw_funcs.o(lcd_dfuncs)
    lcdDrawShips                             0x00000a4f   Thumb Code    60  lcd_draw_funcs.o(lcd_dfuncs)
    lcdWriteCmd                              0x00000aa5   Thumb Code    46  lcd_funcs.o(lcdfuncs)
    lcdWriteData                             0x00000ad3   Thumb Code    34  lcd_funcs.o(lcdfuncs)
    clearLcdScreen                           0x00000af5   Thumb Code    32  lcd_funcs.o(lcdfuncs)
    setCursor                                0x00000b15   Thumb Code    32  lcd_funcs.o(lcdfuncs)
    __main                                   0x00000b41   Thumb Code     0  main.o(main)
    num_0                                    0x00000b9c   Data          50  text_datas.o(my_code_data)
    X                                        0x00000bce   Data           5  text_datas.o(my_code_data)
    Y                                        0x00000bd3   Data           5  text_datas.o(my_code_data)
    colon                                    0x00000bd8   Data           5  text_datas.o(my_code_data)
    init_timer_1                             0x00000be1   Thumb Code   116  init_timer.o(timer_init)
    init_timer_0                             0x00000c55   Thumb Code   126  init_timer.o(timer_init)
    My_Timer1A_Handler                       0x00000d0d   Thumb Code    32  timer_int_handler.o(timer_inthandler)
    My_Timer0A_Handler                       0x00000d2d   Thumb Code    32  timer_int_handler.o(timer_inthandler)
    st                                       0x20000400   Data           1  state_and_pos_data.o(my_data)
    ships                                    0x20000401   Data           9  state_and_pos_data.o(my_data)
    mines                                    0x2000040a   Data           9  state_and_pos_data.o(my_data)
    sf                                       0x20000413   Data           1  state_and_pos_data.o(my_data)
    TIMER0_TAV                               0x40030050   Number         0  timer_int_handler.o ABSOLUTE
    TIMER1_TAV                               0x40031050   Number         0  timer_int_handler.o ABSOLUTE



==============================================================================

Memory Map of the image

  Image Entry point : 0x0000026d

  Load Region LR_1 (Base: 0x00000000, Size: 0x00001174, Max: 0xffffffff, ABSOLUTE)

    Execution Region ER_RO (Exec base: 0x00000000, Load base: 0x00000000, Size: 0x00000d60, Max: 0xffffffff, ABSOLUTE)

    Exec Addr    Load Addr    Size         Type   Attr      Idx    E Section Name        Object

    0x00000000   0x00000000   0x0000028c   Code   RO            3  * RESET               startup.o
    0x0000028c   0x0000028c   0x00000006   Code   RO           73    .text               c_w.l(heapauxi.o)
    0x00000292   0x00000292   0x00000002   PAD
    0x00000294   0x00000294   0x0000005c   Code   RO           47    adcfuncs            adc_funcs.o
    0x000002f0   0x000002f0   0x00000134   Code   RO           66    helperfuncs         helper_funcs.o
    0x00000424   0x00000424   0x00000068   Code   RO           39    initADC             init_adc.o
    0x0000048c   0x0000048c   0x0000004c   Code   RO           43    init_gpio           init_gpioe.o
    0x000004d8   0x000004d8   0x00000098   Code   RO           51    init_gpiof          init_gpiof.o
    0x00000570   0x00000570   0x0000007c   Code   RO           15    initgpio            init_gpio.o
    0x000005ec   0x000005ec   0x0000005c   Code   RO           27    initlcd             init_lcd.o
    0x00000648   0x00000648   0x00000060   Code   RO           23    initpll             init_pll.o
    0x000006a8   0x000006a8   0x00000074   Code   RO           19    initspi             init_spi.o
    0x0000071c   0x0000071c   0x00000388   Code   RO           35    lcd_dfuncs          lcd_draw_funcs.o
    0x00000aa4   0x00000aa4   0x0000009c   Code   RO           31    lcdfuncs            lcd_funcs.o
    0x00000b40   0x00000b40   0x0000005c   Code   RO           12    main                main.o
    0x00000b9c   0x00000b9c   0x00000044   Code   RO           63    my_code_data        text_datas.o
    0x00000be0   0x00000be0   0x0000012c   Code   RO           55    timer_init          init_timer.o
    0x00000d0c   0x00000d0c   0x00000054   Code   RO           59    timer_inthandler    timer_int_handler.o


    Execution Region ER_RW (Exec base: 0x20000000, Load base: 0x00000d60, Size: 0x00000414, Max: 0xffffffff, ABSOLUTE)

    Exec Addr    Load Addr    Size         Type   Attr      Idx    E Section Name        Object

    0x20000000   0x00000d60   0x00000400   Data   RW            1    STACK               startup.o
    0x20000400   0x00001160   0x00000014   Data   RW           70    my_data             state_and_pos_data.o


    Execution Region ER_ZI (Exec base: 0x20000414, Load base: 0x00001174, Size: 0x00000000, Max: 0xffffffff, ABSOLUTE)

    **** No section assigned to this execution region ****


==============================================================================

Image component sizes


      Code (inc. data)   RO Data    RW Data    ZI Data      Debug   Object Name

        92         20          0          0          0        384   adc_funcs.o
       308         16          0          0          0        588   helper_funcs.o
       104         30          0          0          0        384   init_adc.o
       124         30          0          0          0        392   init_gpio.o
        76         22          0          0          0        384   init_gpioe.o
       152         38          0          0          0        404   init_gpiof.o
        92          4          0          0          0        380   init_lcd.o
        96         14          0          0          0        384   init_pll.o
       116         24          0          0          0        388   init_spi.o
       300         58          0          0          0        492   init_timer.o
       904         26          0          0          0        912   lcd_draw_funcs.o
       156         12          0          0          0        524   lcd_funcs.o
        92          2          0          0          0        240   main.o
       652        622          0       1024          0        748   startup.o
         0          0          0         20          0          0   state_and_pos_data.o
        68         68          0          0          0        196   text_datas.o
        84         20          0          0          0        452   timer_int_handler.o

    ----------------------------------------------------------------------
      3416       1006          0       1044          0       7252   Object Totals
         0          0          0          0          0          0   (incl. Generated)
         0          0          0          0          0          0   (incl. Padding)

    ----------------------------------------------------------------------

      Code (inc. data)   RO Data    RW Data    ZI Data      Debug   Library Member Name

         6          0          0          0          0        152   heapauxi.o

    ----------------------------------------------------------------------
         8          0          0          0          0        152   Library Totals
         2          0          0          0          0          0   (incl. Padding)

    ----------------------------------------------------------------------

      Code (inc. data)   RO Data    RW Data    ZI Data      Debug   Library Name

         6          0          0          0          0        152   c_w.l

    ----------------------------------------------------------------------
         8          0          0          0          0        152   Library Totals

    ----------------------------------------------------------------------

==============================================================================


      Code (inc. data)   RO Data    RW Data    ZI Data      Debug   

      3424       1006          0       1044          0       6104   Grand Totals
      3424       1006          0       1044          0       6104   ELF Image Totals
      3424       1006          0       1044          0          0   ROM Totals

==============================================================================

    Total RO  Size (Code + RO Data)                 3424 (   3.34kB)
    Total RW  Size (RW Data + ZI Data)              1044 (   1.02kB)
    Total ROM Size (Code + RO Data + RW Data)       4468 (   4.36kB)

==============================================================================

